Gtk-Message: 13:45:49.478: Failed to load module "ukuireload-gtk-module"
[1469013:1469013:0731/134549.747273:ERROR:browser:secure_dns_policy_wrapper.cc(31)] Parse StrategyExt error.

DevTools listening on ws://127.0.0.1:49241/devtools/browser/f71d7c7b-c085-4127-b2ed-e2ac8764f882
libva error: vaGetDriverNameByIndex() failed with unknown libva error, driver_name = (null)
[1469091:1469091:0731/134550.112056:ERROR:gpu-process:gpu_memory_buffer_support_x11.cc(44)] dri3 extension not supported.
[1469013:1469013:0731/134550.246862:ERROR:browser:template_url_service.cc(2402)] default engine is same with prepopulated engine.
Gtk-Message: 13:45:53.295: Failed to load module "ukuireload-gtk-module"
_IceTransOpen: Unable to Parse address ""
Qt: Session management error: Could not open network socket
QObject::connect: No such slot QWidget::OnStartOffice()
open file failed!!!: No such file or directory

(wps:1469567): Gdk-WARNING **: 13:45:54.067: The GDK_NATIVE_WINDOWS environment variable is not supported in GTK3.
See the documentation for gdk_window_ensure_native() on how to get native windows.
_IceTransOpen: Unable to Parse address ""
Qt: Session management error: Could not open network socket
QObject::killTimer: Timers cannot be stopped from another thread
QObject::killTimer: Timers cannot be stopped from another thread
QObject::~QObject: Timers cannot be stopped from another thread
QObject::~QObject: Timers cannot be stopped from another thread
QObject::killTimer(): Error: timer id -1 is not valid for object 0x7fb6a78748 (MsgWriter, ), timer has not been killed
QObject::killTimer: Timers cannot be stopped from another thread
QObject::~QObject: Timers cannot be stopped from another thread
UNICODEMAP_JP is cp932
